[INFO] Scanning for projects...
[INFO] 
[INFO] -------------< com.interviewprep:interview-prep-platform >--------------
[INFO] Building Interview Preparation Platform 1.0.0
[INFO]   from pom.xml
[INFO] --------------------------------[ jar ]---------------------------------
[INFO] 
[INFO] >>> spring-boot:3.2.5:run (default-cli) > test-compile @ interview-prep-platform >>>
[INFO] 
[INFO] --- resources:3.3.1:resources (default-resources) @ interview-prep-platform ---
[INFO] Copying 3 resources from src\main\resources to target\classes
[INFO] Copying 0 resource from src\main\resources to target\classes
[INFO] 
[INFO] --- compiler:3.11.0:compile (default-compile) @ interview-prep-platform ---
[INFO] Nothing to compile - all classes are up to date
[INFO] 
[INFO] --- resources:3.3.1:testResources (default-testResources) @ interview-prep-platform ---
[INFO] skip non existing resourceDirectory D:\Interview preparation Platform\backend\src\test\resources
[INFO] 
[INFO] --- compiler:3.11.0:testCompile (default-testCompile) @ interview-prep-platform ---
[INFO] No sources to compile
[INFO] 
[INFO] <<< spring-boot:3.2.5:run (default-cli) < test-compile @ interview-prep-platform <<<
[INFO] 
[INFO] 
[INFO] --- spring-boot:3.2.5:run (default-cli) @ interview-prep-platform ---
[INFO] Attaching agents: []
Standard Commons Logging discovery in action with spring-jcl: please remove commons-logging.jar from classpath in order to avoid potential conflicts

  .   ____          _            __ _ _
 /\\ / ___'_ __ _ _(_)_ __  __ _ \ \ \ \
( ( )\___ | '_ | '_| | '_ \/ _` | \ \ \ \
 \\/  ___)| |_)| | | | | || (_| |  ) ) ) )
  '  |____| .__|_| |_|_| |_\__, | / / / /
 =========|_|==============|___/=/_/_/_/
 :: Spring Boot ::                (v3.2.5)

2026-06-07T21:20:14.253+05:30  INFO 22860 --- [interview-prep-platform] [           main] c.i.InterviewPrepApplication             : Starting InterviewPrepApplication using Java 23.0.2 with PID 22860 (D:\Interview preparation Platform\backend\target\classes started by venka in D:\Interview preparation Platform\backend)
2026-06-07T21:20:14.256+05:30  INFO 22860 --- [interview-prep-platform] [           main] c.i.InterviewPrepApplication             : The following 1 profile is active: "dev"
2026-06-07T21:20:15.489+05:30  INFO 22860 --- [interview-prep-platform] [           main] .s.d.r.c.RepositoryConfigurationDelegate : Bootstrapping Spring Data JPA repositories in DEFAULT mode.
2026-06-07T21:20:15.610+05:30  INFO 22860 --- [interview-prep-platform] [           main] .s.d.r.c.RepositoryConfigurationDelegate : Finished Spring Data repository scanning in 116 ms. Found 15 JPA repository interfaces.
2026-06-07T21:20:16.432+05:30  INFO 22860 --- [interview-prep-platform] [           main] o.s.b.w.embedded.tomcat.TomcatWebServer  : Tomcat initialized with port 8080 (http)
2026-06-07T21:20:16.454+05:30  INFO 22860 --- [interview-prep-platform] [           main] o.apache.catalina.core.StandardService   : Starting service [Tomcat]
2026-06-07T21:20:16.454+05:30  INFO 22860 --- [interview-prep-platform] [           main] o.apache.catalina.core.StandardEngine    : Starting Servlet engine: [Apache Tomcat/10.1.20]
2026-06-07T21:20:16.521+05:30  INFO 22860 --- [interview-prep-platform] [           main] o.a.c.c.C.[Tomcat].[localhost].[/]       : Initializing Spring embedded WebApplicationContext
2026-06-07T21:20:16.521+05:30  INFO 22860 --- [interview-prep-platform] [           main] w.s.c.ServletWebServerApplicationContext : Root WebApplicationContext: initialization completed in 2183 ms
Standard Commons Logging discovery in action with spring-jcl: please remove commons-logging.jar from classpath in order to avoid potential conflicts
2026-06-07T21:20:16.555+05:30  INFO 22860 --- [interview-prep-platform] [           main] com.zaxxer.hikari.HikariDataSource       : HikariPool-1 - Starting...
2026-06-07T21:20:16.720+05:30  INFO 22860 --- [interview-prep-platform] [           main] com.zaxxer.hikari.pool.HikariPool        : HikariPool-1 - Added connection conn0: url=jdbc:h2:mem:interview_prep_db user=SA
2026-06-07T21:20:16.722+05:30  INFO 22860 --- [interview-prep-platform] [           main] com.zaxxer.hikari.HikariDataSource       : HikariPool-1 - Start completed.
2026-06-07T21:20:16.731+05:30  INFO 22860 --- [interview-prep-platform] [           main] o.s.b.a.h2.H2ConsoleAutoConfiguration    : H2 console available at '/h2-console'. Database available at 'jdbc:h2:mem:interview_prep_db'
2026-06-07T21:20:16.839+05:30  INFO 22860 --- [interview-prep-platform] [           main] o.hibernate.jpa.internal.util.LogHelper  : HHH000204: Processing PersistenceUnitInfo [name: default]
2026-06-07T21:20:16.929+05:30  INFO 22860 --- [interview-prep-platform] [           main] org.hibernate.Version                    : HHH000412: Hibernate ORM core version 6.4.4.Final
2026-06-07T21:20:16.956+05:30  INFO 22860 --- [interview-prep-platform] [           main] o.h.c.internal.RegionFactoryInitiator    : HHH000026: Second-level cache disabled
2026-06-07T21:20:17.183+05:30  INFO 22860 --- [interview-prep-platform] [           main] o.s.o.j.p.SpringPersistenceUnitInfo      : No LoadTimeWeaver setup: ignoring JPA class transformer
2026-06-07T21:20:17.220+05:30  WARN 22860 --- [interview-prep-platform] [           main] org.hibernate.orm.deprecation            : HHH90000025: H2Dialect does not need to be specified explicitly using 'hibernate.dialect' (remove the property setting and it will be selected by default)
2026-06-07T21:20:18.564+05:30  INFO 22860 --- [interview-prep-platform] [           main] o.h.e.t.j.p.i.JtaPlatformInitiator       : HHH000489: No JTA platform available (set 'hibernate.transaction.jta.platform' to enable JTA platform integration)
2026-06-07T21:20:18.678+05:30  INFO 22860 --- [interview-prep-platform] [           main] j.LocalContainerEntityManagerFactoryBean : Initialized JPA EntityManagerFactory for persistence unit 'default'
2026-06-07T21:20:18.906+05:30  INFO 22860 --- [interview-prep-platform] [           main] o.s.d.j.r.query.QueryEnhancerFactory     : Hibernate is in classpath; If applicable, HQL parser will be used.
2026-06-07T21:20:23.124+05:30  WARN 22860 --- [interview-prep-platform] [           main] JpaBaseConfiguration$JpaWebConfiguration : spring.jpa.open-in-view is enabled by default. Therefore, database queries may be performed during view rendering. Explicitly configure spring.jpa.open-in-view to disable this warning
2026-06-07T21:20:23.818+05:30  INFO 22860 --- [interview-prep-platform] [           main] o.s.s.web.DefaultSecurityFilterChain     : Will secure any request with [org.springframework.security.web.session.DisableEncodeUrlFilter@3a8d653c, org.springframework.security.web.context.request.async.WebAsyncManagerIntegrationFilter@65f59c41, org.springframework.security.web.context.SecurityContextHolderFilter@24f64b00, org.springframework.security.web.header.HeaderWriterFilter@1fa07f1b, org.springframework.web.filter.CorsFilter@5b11940, org.springframework.security.web.authentication.logout.LogoutFilter@45c3d5f3, com.interviewprep.security.JwtAuthFilter@47763ec6, org.springframework.security.web.savedrequest.RequestCacheAwareFilter@23f7b16, org.springframework.security.web.servletapi.SecurityContextHolderAwareRequestFilter@55149f6d, org.springframework.security.web.authentication.AnonymousAuthenticationFilter@39d25ac2, org.springframework.security.web.session.SessionManagementFilter@6f82bb78, org.springframework.security.web.access.ExceptionTranslationFilter@1e544543, org.springframework.security.web.access.intercept.AuthorizationFilter@3cac6165]
2026-06-07T21:20:24.245+05:30  INFO 22860 --- [interview-prep-platform] [           main] o.s.b.w.embedded.tomcat.TomcatWebServer  : Tomcat started on port 8080 (http) with context path ''
2026-06-07T21:20:24.249+05:30  INFO 22860 --- [interview-prep-platform] [           main] o.s.m.s.b.SimpleBrokerMessageHandler     : Starting...
2026-06-07T21:20:24.251+05:30  INFO 22860 --- [interview-prep-platform] [           main] o.s.m.s.b.SimpleBrokerMessageHandler     : BrokerAvailabilityEvent[available=true, SimpleBrokerMessageHandler [org.springframework.messaging.simp.broker.DefaultSubscriptionRegistry@6a50fc81]]
2026-06-07T21:20:24.251+05:30  INFO 22860 --- [interview-prep-platform] [           main] o.s.m.s.b.SimpleBrokerMessageHandler     : Started.
2026-06-07T21:20:24.258+05:30  INFO 22860 --- [interview-prep-platform] [           main] c.i.InterviewPrepApplication             : Started InterviewPrepApplication in 10.469 seconds (process running for 11.024)
2026-06-07T21:20:53.897+05:30  INFO 22860 --- [interview-prep-platform] [nio-8080-exec-1] o.a.c.c.C.[Tomcat].[localhost].[/]       : Initializing Spring DispatcherServlet 'dispatcherServlet'
2026-06-07T21:20:53.897+05:30  INFO 22860 --- [interview-prep-platform] [nio-8080-exec-1] o.s.web.servlet.DispatcherServlet        : Initializing Servlet 'dispatcherServlet'
2026-06-07T21:20:53.899+05:30  INFO 22860 --- [interview-prep-platform] [nio-8080-exec-1] o.s.web.servlet.DispatcherServlet        : Completed initialization in 0 ms
2026-06-07T21:21:24.232+05:30  INFO 22860 --- [interview-prep-platform] [MessageBroker-1] o.s.w.s.c.WebSocketMessageBrokerStats    : WebSocketSession[0 current WS(0)-HttpStream(0)-HttpPoll(0), 0 total, 0 closed abnormally (0 connect failure, 0 send limit, 0 transport error)], stompSubProtocol[processed CONNECT(0)-CONNECTED(0)-DISCONNECT(0)], stompBrokerRelay[null], inboundChannel[pool size = 0, active threads = 0, queued tasks = 0, completed tasks = 0], outboundChannel[pool size = 0, active threads = 0, queued tasks = 0, completed tasks = 0], sockJsScheduler[pool size = 1, active threads = 1, queued tasks = 0, completed tasks = 0]
